Archive member included to satisfy reference by file (symbol)

/usr/lib/gcc/avr/5.4.0/avr5/libgcc.a(_exit.o)
                              /usr/lib/gcc/avr/5.4.0/../../../avr/lib/avr5/crtatmega168p.o (exit)
/usr/lib/gcc/avr/5.4.0/avr5/libgcc.a(_tablejump2.o)
                              twi_master.o (__tablejump2__)
/usr/lib/gcc/avr/5.4.0/avr5/libgcc.a(_copy_data.o)
                              lab6_atmega168.o (__do_copy_data)
/usr/lib/gcc/avr/5.4.0/avr5/libgcc.a(_clear_bss.o)
                              lab6_atmega168.o (__do_clear_bss)
/usr/lib/gcc/avr/5.4.0/../../../avr/lib/avr5/libm.a(addsf3.o)
                              lab6_atmega168.o (__subsf3)
/usr/lib/gcc/avr/5.4.0/../../../avr/lib/avr5/libm.a(addsf3x.o)
                              /usr/lib/gcc/avr/5.4.0/../../../avr/lib/avr5/libm.a(addsf3.o) (__addsf3x)
/usr/lib/gcc/avr/5.4.0/../../../avr/lib/avr5/libm.a(floatsisf.o)
                              lab6_atmega168.o (__floatunsisf)
/usr/lib/gcc/avr/5.4.0/../../../avr/lib/avr5/libm.a(fp_inf.o)
                              /usr/lib/gcc/avr/5.4.0/../../../avr/lib/avr5/libm.a(addsf3x.o) (__fp_inf)
/usr/lib/gcc/avr/5.4.0/../../../avr/lib/avr5/libm.a(fp_nan.o)
                              /usr/lib/gcc/avr/5.4.0/../../../avr/lib/avr5/libm.a(addsf3x.o) (__fp_nan)
/usr/lib/gcc/avr/5.4.0/../../../avr/lib/avr5/libm.a(fp_pscA.o)
                              /usr/lib/gcc/avr/5.4.0/../../../avr/lib/avr5/libm.a(addsf3x.o) (__fp_pscA)
/usr/lib/gcc/avr/5.4.0/../../../avr/lib/avr5/libm.a(fp_pscB.o)
                              /usr/lib/gcc/avr/5.4.0/../../../avr/lib/avr5/libm.a(addsf3x.o) (__fp_pscB)
/usr/lib/gcc/avr/5.4.0/../../../avr/lib/avr5/libm.a(fp_round.o)
                              /usr/lib/gcc/avr/5.4.0/../../../avr/lib/avr5/libm.a(addsf3.o) (__fp_round)
/usr/lib/gcc/avr/5.4.0/../../../avr/lib/avr5/libm.a(fp_split3.o)
                              /usr/lib/gcc/avr/5.4.0/../../../avr/lib/avr5/libm.a(addsf3x.o) (__fp_split3)
/usr/lib/gcc/avr/5.4.0/../../../avr/lib/avr5/libm.a(fp_zero.o)
                              /usr/lib/gcc/avr/5.4.0/../../../avr/lib/avr5/libm.a(addsf3x.o) (__fp_zero)
/usr/lib/gcc/avr/5.4.0/../../../avr/lib/avr5/libm.a(mulsf3.o)
                              lab6_atmega168.o (__mulsf3)
/usr/lib/gcc/avr/5.4.0/../../../avr/lib/avr5/libm.a(mulsf3x.o)
                              /usr/lib/gcc/avr/5.4.0/../../../avr/lib/avr5/libm.a(mulsf3.o) (__mulsf3x)
/usr/lib/gcc/avr/5.4.0/../../../avr/lib/avr5/libc.a(dtostrf.o)
                              lab6_atmega168.o (dtostrf)
/usr/lib/gcc/avr/5.4.0/../../../avr/lib/avr5/libc.a(dtoa_prf.o)
                              /usr/lib/gcc/avr/5.4.0/../../../avr/lib/avr5/libc.a(dtostrf.o) (dtoa_prf)
/usr/lib/gcc/avr/5.4.0/../../../avr/lib/avr5/libc.a(ftoa_engine.o)
                              /usr/lib/gcc/avr/5.4.0/../../../avr/lib/avr5/libc.a(dtoa_prf.o) (__ftoa_engine)
/usr/lib/gcc/avr/5.4.0/avr5/libgcc.a(_prologue.o)
                              /usr/lib/gcc/avr/5.4.0/../../../avr/lib/avr5/libc.a(dtoa_prf.o) (__prologue_saves__)
/usr/lib/gcc/avr/5.4.0/avr5/libgcc.a(_epilogue.o)
                              /usr/lib/gcc/avr/5.4.0/../../../avr/lib/avr5/libc.a(dtoa_prf.o) (__epilogue_restores__)

Allocating common symbols
Common symbol       size              file

uart_tx_buf         0x28              uart_functions_m168p.o
twi_state           0x1               twi_master.o
twi_buf             0x2               twi_master.o
wr_buff             0x3               lab6_atmega168.o
rd_buff             0x3               lab6_atmega168.o
uart_buff           0x10              lab6_atmega168.o
twi_bus_addr        0x1               twi_master.o
twi_msg_size        0x1               twi_master.o
uart_rx_buf         0x28              uart_functions_m168p.o

Memory Configuration

Name             Origin             Length             Attributes
text             0x0000000000000000 0x0000000000020000 xr
data             0x0000000000800060 0x000000000000ffa0 rw !x
eeprom           0x0000000000810000 0x0000000000010000 rw !x
fuse             0x0000000000820000 0x0000000000000003 rw !x
lock             0x0000000000830000 0x0000000000000400 rw !x
signature        0x0000000000840000 0x0000000000000400 rw !x
user_signatures  0x0000000000850000 0x0000000000000400 rw !x
*default*        0x0000000000000000 0xffffffffffffffff

Linker script and memory map

Address of section .data set to 0x800100
LOAD /usr/lib/gcc/avr/5.4.0/../../../avr/lib/avr5/crtatmega168p.o
LOAD lab6_atmega168.o
LOAD twi_master.o
LOAD uart_functions_m168p.o
START GROUP
LOAD /usr/lib/gcc/avr/5.4.0/avr5/libgcc.a
LOAD /usr/lib/gcc/avr/5.4.0/../../../avr/lib/avr5/libm.a
LOAD /usr/lib/gcc/avr/5.4.0/../../../avr/lib/avr5/libc.a
LOAD /usr/lib/gcc/avr/5.4.0/../../../avr/lib/avr5/libatmega168p.a
END GROUP
                0x0000000000020000                __TEXT_REGION_LENGTH__ = DEFINED (__TEXT_REGION_LENGTH__)?__TEXT_REGION_LENGTH__:0x20000
                0x000000000000ffa0                __DATA_REGION_LENGTH__ = DEFINED (__DATA_REGION_LENGTH__)?__DATA_REGION_LENGTH__:0xffa0
                0x0000000000010000                __EEPROM_REGION_LENGTH__ = DEFINED (__EEPROM_REGION_LENGTH__)?__EEPROM_REGION_LENGTH__:0x10000
                [0x0000000000000003]                __FUSE_REGION_LENGTH__ = DEFINED (__FUSE_REGION_LENGTH__)?__FUSE_REGION_LENGTH__:0x400
                0x0000000000000400                __LOCK_REGION_LENGTH__ = DEFINED (__LOCK_REGION_LENGTH__)?__LOCK_REGION_LENGTH__:0x400
                0x0000000000000400                __SIGNATURE_REGION_LENGTH__ = DEFINED (__SIGNATURE_REGION_LENGTH__)?__SIGNATURE_REGION_LENGTH__:0x400
                0x0000000000000400                __USER_SIGNATURE_REGION_LENGTH__ = DEFINED (__USER_SIGNATURE_REGION_LENGTH__)?__USER_SIGNATURE_REGION_LENGTH__:0x400

.hash
 *(.hash)

.dynsym
 *(.dynsym)

.dynstr
 *(.dynstr)

.gnu.version
 *(.gnu.version)

.gnu.version_d
 *(.gnu.version_d)

.gnu.version_r
 *(.gnu.version_r)

.rel.init
 *(.rel.init)

.rela.init
 *(.rela.init)

.rel.text
 *(.rel.text)
 *(.rel.text.*)
 *(.rel.gnu.linkonce.t*)

.rela.text
 *(.rela.text)
 *(.rela.text.*)
 *(.rela.gnu.linkonce.t*)

.rel.fini
 *(.rel.fini)

.rela.fini
 *(.rela.fini)

.rel.rodata
 *(.rel.rodata)
 *(.rel.rodata.*)
 *(.rel.gnu.linkonce.r*)

.rela.rodata
 *(.rela.rodata)
 *(.rela.rodata.*)
 *(.rela.gnu.linkonce.r*)

.rel.data
 *(.rel.data)
 *(.rel.data.*)
 *(.rel.gnu.linkonce.d*)

.rela.data
 *(.rela.data)
 *(.rela.data.*)
 *(.rela.gnu.linkonce.d*)

.rel.ctors
 *(.rel.ctors)

.rela.ctors
 *(.rela.ctors)

.rel.dtors
 *(.rel.dtors)

.rela.dtors
 *(.rela.dtors)

.rel.got
 *(.rel.got)

.rela.got
 *(.rela.got)

.rel.bss
 *(.rel.bss)

.rela.bss
 *(.rela.bss)

.rel.plt
 *(.rel.plt)

.rela.plt
 *(.rela.plt)

.text           0x0000000000000000      0xd0c
 *(.vectors)
 .vectors       0x0000000000000000       0x68 /usr/lib/gcc/avr/5.4.0/../../../avr/lib/avr5/crtatmega168p.o
                0x0000000000000000                __vectors
                0x0000000000000000                __vector_default
 *(.vectors)
 *(.progmem.gcc*)
 .progmem.gcc_sw_table
                0x0000000000000068       0xa2 twi_master.o
                0x000000000000010a                . = ALIGN (0x2)
                0x000000000000010a                __trampolines_start = .
 *(.trampolines)
 .trampolines   0x000000000000010a        0x0 linker stubs
 *(.trampolines*)
                0x000000000000010a                __trampolines_end = .
 *libprintf_flt.a:*(.progmem.data)
 *libc.a:*(.progmem.data)
 .progmem.data  0x000000000000010a       0xfa /usr/lib/gcc/avr/5.4.0/../../../avr/lib/avr5/libc.a(ftoa_engine.o)
 *(.progmem*)
                0x0000000000000204                . = ALIGN (0x2)
 *(.jumptables)
 *(.jumptables*)
 *(.lowtext)
 *(.lowtext*)
                0x0000000000000204                __ctors_start = .
 *(.ctors)
                0x0000000000000204                __ctors_end = .
                0x0000000000000204                __dtors_start = .
 *(.dtors)
                0x0000000000000204                __dtors_end = .
 SORT(*)(.ctors)
 SORT(*)(.dtors)
 *(.init0)
 .init0         0x0000000000000204        0x0 /usr/lib/gcc/avr/5.4.0/../../../avr/lib/avr5/crtatmega168p.o
                0x0000000000000204                __init
 *(.init0)
 *(.init1)
 *(.init1)
 *(.init2)
 .init2         0x0000000000000204        0xc /usr/lib/gcc/avr/5.4.0/../../../avr/lib/avr5/crtatmega168p.o
 *(.init2)
 *(.init3)
 *(.init3)
 *(.init4)
 .init4         0x0000000000000210       0x16 /usr/lib/gcc/avr/5.4.0/avr5/libgcc.a(_copy_data.o)
                0x0000000000000210                __do_copy_data
 .init4         0x0000000000000226       0x10 /usr/lib/gcc/avr/5.4.0/avr5/libgcc.a(_clear_bss.o)
                0x0000000000000226                __do_clear_bss
 *(.init4)
 *(.init5)
 *(.init5)
 *(.init6)
 *(.init6)
 *(.init7)
 *(.init7)
 *(.init8)
 *(.init8)
 *(.init9)
 .init9         0x0000000000000236        0x8 /usr/lib/gcc/avr/5.4.0/../../../avr/lib/avr5/crtatmega168p.o
 *(.init9)
 *(.text)
 .text          0x000000000000023e        0x4 /usr/lib/gcc/avr/5.4.0/../../../avr/lib/avr5/crtatmega168p.o
                0x000000000000023e                __vector_22
                0x000000000000023e                __vector_1
                0x000000000000023e                __vector_12
                0x000000000000023e                __bad_interrupt
                0x000000000000023e                __vector_6
                0x000000000000023e                __vector_3
                0x000000000000023e                __vector_23
                0x000000000000023e                __vector_25
                0x000000000000023e                __vector_11
                0x000000000000023e                __vector_13
                0x000000000000023e                __vector_17
                0x000000000000023e                __vector_19
                0x000000000000023e                __vector_7
                0x000000000000023e                __vector_5
                0x000000000000023e                __vector_4
                0x000000000000023e                __vector_9
                0x000000000000023e                __vector_2
                0x000000000000023e                __vector_21
                0x000000000000023e                __vector_15
                0x000000000000023e                __vector_8
                0x000000000000023e                __vector_14
                0x000000000000023e                __vector_10
                0x000000000000023e                __vector_16
                0x000000000000023e                __vector_18
                0x000000000000023e                __vector_20
 .text          0x0000000000000242       0x6a lab6_atmega168.o
                0x0000000000000242                get_sh21
 .text          0x00000000000002ac      0x174 twi_master.o
                0x00000000000002ac                __vector_24
                0x00000000000003c2                twi_busy
                0x00000000000003ca                twi_start_wr
                0x00000000000003ec                twi_start_rd
                0x000000000000040e                init_twi
 .text          0x0000000000000420       0xac uart_functions_m168p.o
                0x0000000000000420                uart_putc
                0x0000000000000436                uart_puts
                0x000000000000045c                uart_puts_p
                0x0000000000000490                uart_init
                0x00000000000004b0                uart_getc
 .text          0x00000000000004cc        0x0 /usr/lib/gcc/avr/5.4.0/avr5/libgcc.a(_exit.o)
 .text          0x00000000000004cc        0x0 /usr/lib/gcc/avr/5.4.0/avr5/libgcc.a(_tablejump2.o)
 .text          0x00000000000004cc        0x0 /usr/lib/gcc/avr/5.4.0/avr5/libgcc.a(_copy_data.o)
 .text          0x00000000000004cc        0x0 /usr/lib/gcc/avr/5.4.0/avr5/libgcc.a(_clear_bss.o)
 .text          0x00000000000004cc        0x0 /usr/lib/gcc/avr/5.4.0/../../../avr/lib/avr5/libm.a(addsf3.o)
 .text          0x00000000000004cc        0x0 /usr/lib/gcc/avr/5.4.0/../../../avr/lib/avr5/libm.a(addsf3x.o)
 .text          0x00000000000004cc        0x0 /usr/lib/gcc/avr/5.4.0/../../../avr/lib/avr5/libm.a(floatsisf.o)
 .text          0x00000000000004cc        0x0 /usr/lib/gcc/avr/5.4.0/../../../avr/lib/avr5/libm.a(fp_inf.o)
 .text          0x00000000000004cc        0x0 /usr/lib/gcc/avr/5.4.0/../../../avr/lib/avr5/libm.a(fp_nan.o)
 .text          0x00000000000004cc        0x0 /usr/lib/gcc/avr/5.4.0/../../../avr/lib/avr5/libm.a(fp_pscA.o)
 .text          0x00000000000004cc        0x0 /usr/lib/gcc/avr/5.4.0/../../../avr/lib/avr5/libm.a(fp_pscB.o)
 .text          0x00000000000004cc        0x0 /usr/lib/gcc/avr/5.4.0/../../../avr/lib/avr5/libm.a(fp_round.o)
 .text          0x00000000000004cc        0x0 /usr/lib/gcc/avr/5.4.0/../../../avr/lib/avr5/libm.a(fp_split3.o)
 .text          0x00000000000004cc        0x0 /usr/lib/gcc/avr/5.4.0/../../../avr/lib/avr5/libm.a(fp_zero.o)
 .text          0x00000000000004cc        0x0 /usr/lib/gcc/avr/5.4.0/../../../avr/lib/avr5/libm.a(mulsf3.o)
 .text          0x00000000000004cc        0x0 /usr/lib/gcc/avr/5.4.0/../../../avr/lib/avr5/libm.a(mulsf3x.o)
 .text          0x00000000000004cc        0x0 /usr/lib/gcc/avr/5.4.0/../../../avr/lib/avr5/libc.a(dtostrf.o)
 .text          0x00000000000004cc        0x0 /usr/lib/gcc/avr/5.4.0/../../../avr/lib/avr5/libc.a(dtoa_prf.o)
 .text          0x00000000000004cc        0x0 /usr/lib/gcc/avr/5.4.0/../../../avr/lib/avr5/libc.a(ftoa_engine.o)
 .text          0x00000000000004cc        0x0 /usr/lib/gcc/avr/5.4.0/avr5/libgcc.a(_prologue.o)
 .text          0x00000000000004cc        0x0 /usr/lib/gcc/avr/5.4.0/avr5/libgcc.a(_epilogue.o)
                0x00000000000004cc                . = ALIGN (0x2)
 *(.text.*)
 .text.startup  0x00000000000004cc       0x4e lab6_atmega168.o
                0x00000000000004cc                main
 .text.libgcc.mul
                0x000000000000051a        0x0 /usr/lib/gcc/avr/5.4.0/avr5/libgcc.a(_exit.o)
 .text.libgcc.div
                0x000000000000051a        0x0 /usr/lib/gcc/avr/5.4.0/avr5/libgcc.a(_exit.o)
 .text.libgcc   0x000000000000051a        0x0 /usr/lib/gcc/avr/5.4.0/avr5/libgcc.a(_exit.o)
 .text.libgcc.prologue
                0x000000000000051a        0x0 /usr/lib/gcc/avr/5.4.0/avr5/libgcc.a(_exit.o)
 .text.libgcc.builtins
                0x000000000000051a        0x0 /usr/lib/gcc/avr/5.4.0/avr5/libgcc.a(_exit.o)
 .text.libgcc.fmul
                0x000000000000051a        0x0 /usr/lib/gcc/avr/5.4.0/avr5/libgcc.a(_exit.o)
 .text.libgcc.fixed
                0x000000000000051a        0x0 /usr/lib/gcc/avr/5.4.0/avr5/libgcc.a(_exit.o)
 .text.libgcc.mul
                0x000000000000051a        0x0 /usr/lib/gcc/avr/5.4.0/avr5/libgcc.a(_tablejump2.o)
 .text.libgcc.div
                0x000000000000051a        0x0 /usr/lib/gcc/avr/5.4.0/avr5/libgcc.a(_tablejump2.o)
 .text.libgcc   0x000000000000051a        0xc /usr/lib/gcc/avr/5.4.0/avr5/libgcc.a(_tablejump2.o)
                0x000000000000051a                __tablejump2__
 .text.libgcc.prologue
                0x0000000000000526        0x0 /usr/lib/gcc/avr/5.4.0/avr5/libgcc.a(_tablejump2.o)
 .text.libgcc.builtins
                0x0000000000000526        0x0 /usr/lib/gcc/avr/5.4.0/avr5/libgcc.a(_tablejump2.o)
 .text.libgcc.fmul
                0x0000000000000526        0x0 /usr/lib/gcc/avr/5.4.0/avr5/libgcc.a(_tablejump2.o)
 .text.libgcc.fixed
                0x0000000000000526        0x0 /usr/lib/gcc/avr/5.4.0/avr5/libgcc.a(_tablejump2.o)
 .text.libgcc.mul
                0x0000000000000526        0x0 /usr/lib/gcc/avr/5.4.0/avr5/libgcc.a(_copy_data.o)
 .text.libgcc.div
                0x0000000000000526        0x0 /usr/lib/gcc/avr/5.4.0/avr5/libgcc.a(_copy_data.o)
 .text.libgcc   0x0000000000000526        0x0 /usr/lib/gcc/avr/5.4.0/avr5/libgcc.a(_copy_data.o)
 .text.libgcc.prologue
                0x0000000000000526        0x0 /usr/lib/gcc/avr/5.4.0/avr5/libgcc.a(_copy_data.o)
 .text.libgcc.builtins
                0x0000000000000526        0x0 /usr/lib/gcc/avr/5.4.0/avr5/libgcc.a(_copy_data.o)
 .text.libgcc.fmul
                0x0000000000000526        0x0 /usr/lib/gcc/avr/5.4.0/avr5/libgcc.a(_copy_data.o)
 .text.libgcc.fixed
                0x0000000000000526        0x0 /usr/lib/gcc/avr/5.4.0/avr5/libgcc.a(_copy_data.o)
 .text.libgcc.mul
                0x0000000000000526        0x0 /usr/lib/gcc/avr/5.4.0/avr5/libgcc.a(_clear_bss.o)
 .text.libgcc.div
                0x0000000000000526        0x0 /usr/lib/gcc/avr/5.4.0/avr5/libgcc.a(_clear_bss.o)
 .text.libgcc   0x0000000000000526        0x0 /usr/lib/gcc/avr/5.4.0/avr5/libgcc.a(_clear_bss.o)
 .text.libgcc.prologue
                0x0000000000000526        0x0 /usr/lib/gcc/avr/5.4.0/avr5/libgcc.a(_clear_bss.o)
 .text.libgcc.builtins
                0x0000000000000526        0x0 /usr/lib/gcc/avr/5.4.0/avr5/libgcc.a(_clear_bss.o)
 .text.libgcc.fmul
                0x0000000000000526        0x0 /usr/lib/gcc/avr/5.4.0/avr5/libgcc.a(_clear_bss.o)
 .text.libgcc.fixed
                0x0000000000000526        0x0 /usr/lib/gcc/avr/5.4.0/avr5/libgcc.a(_clear_bss.o)
 .text.avr-libc.fplib
                0x0000000000000526        0xe /usr/lib/gcc/avr/5.4.0/../../../avr/lib/avr5/libm.a(addsf3.o)
                0x0000000000000526                __subsf3
                0x0000000000000528                __addsf3
 .text.avr-libc.fplib
                0x0000000000000534       0xcc /usr/lib/gcc/avr/5.4.0/../../../avr/lib/avr5/libm.a(addsf3x.o)
                0x0000000000000556                __addsf3x
 .text.avr-libc.fplib
                0x0000000000000600       0x7a /usr/lib/gcc/avr/5.4.0/../../../avr/lib/avr5/libm.a(floatsisf.o)
                0x0000000000000600                __floatunsisf
                0x0000000000000604                __floatsisf
 .text.avr-libc.fplib
                0x000000000000067a        0xc /usr/lib/gcc/avr/5.4.0/../../../avr/lib/avr5/libm.a(fp_inf.o)
                0x000000000000067a                __fp_inf
 .text.avr-libc.fplib
                0x0000000000000686        0x6 /usr/lib/gcc/avr/5.4.0/../../../avr/lib/avr5/libm.a(fp_nan.o)
                0x0000000000000686                __fp_nan
 .text.avr-libc.fplib
                0x000000000000068c        0xe /usr/lib/gcc/avr/5.4.0/../../../avr/lib/avr5/libm.a(fp_pscA.o)
                0x000000000000068c                __fp_pscA
 .text.avr-libc.fplib
                0x000000000000069a        0xe /usr/lib/gcc/avr/5.4.0/../../../avr/lib/avr5/libm.a(fp_pscB.o)
                0x000000000000069a                __fp_pscB
 .text.avr-libc.fplib
                0x00000000000006a8       0x22 /usr/lib/gcc/avr/5.4.0/../../../avr/lib/avr5/libm.a(fp_round.o)
                0x00000000000006a8                __fp_round
 .text.avr-libc.fplib
                0x00000000000006ca       0x44 /usr/lib/gcc/avr/5.4.0/../../../avr/lib/avr5/libm.a(fp_split3.o)
                0x00000000000006ca                __fp_split3
                0x00000000000006da                __fp_splitA
 .text.avr-libc.fplib
                0x000000000000070e        0xe /usr/lib/gcc/avr/5.4.0/../../../avr/lib/avr5/libm.a(fp_zero.o)
                0x000000000000070e                __fp_zero
                0x0000000000000710                __fp_szero
 .text.avr-libc.fplib
                0x000000000000071c        0x8 /usr/lib/gcc/avr/5.4.0/../../../avr/lib/avr5/libm.a(mulsf3.o)
                0x000000000000071c                __mulsf3
 .text.avr-libc.fplib
                0x0000000000000724       0xd2 /usr/lib/gcc/avr/5.4.0/../../../avr/lib/avr5/libm.a(mulsf3x.o)
                0x0000000000000742                __mulsf3x
                0x0000000000000748                __mulsf3_pse
 .text.avr-libc
                0x00000000000007f6       0x40 /usr/lib/gcc/avr/5.4.0/../../../avr/lib/avr5/libc.a(dtostrf.o)
                0x00000000000007f6                dtostrf
 .text.avr-libc
                0x0000000000000836      0x2b4 /usr/lib/gcc/avr/5.4.0/../../../avr/lib/avr5/libc.a(dtoa_prf.o)
                0x0000000000000836                dtoa_prf
 .text.avr-libc
                0x0000000000000aea      0x1b0 /usr/lib/gcc/avr/5.4.0/../../../avr/lib/avr5/libc.a(ftoa_engine.o)
                0x0000000000000aea                __ftoa_engine
 .text.libgcc.mul
                0x0000000000000c9a        0x0 /usr/lib/gcc/avr/5.4.0/avr5/libgcc.a(_prologue.o)
 .text.libgcc.div
                0x0000000000000c9a        0x0 /usr/lib/gcc/avr/5.4.0/avr5/libgcc.a(_prologue.o)
 .text.libgcc   0x0000000000000c9a        0x0 /usr/lib/gcc/avr/5.4.0/avr5/libgcc.a(_prologue.o)
 .text.libgcc.prologue
                0x0000000000000c9a       0x38 /usr/lib/gcc/avr/5.4.0/avr5/libgcc.a(_prologue.o)
                0x0000000000000c9a                __prologue_saves__
 .text.libgcc.builtins
                0x0000000000000cd2        0x0 /usr/lib/gcc/avr/5.4.0/avr5/libgcc.a(_prologue.o)
 .text.libgcc.fmul
                0x0000000000000cd2        0x0 /usr/lib/gcc/avr/5.4.0/avr5/libgcc.a(_prologue.o)
 .text.libgcc.fixed
                0x0000000000000cd2        0x0 /usr/lib/gcc/avr/5.4.0/avr5/libgcc.a(_prologue.o)
 .text.libgcc.mul
                0x0000000000000cd2        0x0 /usr/lib/gcc/avr/5.4.0/avr5/libgcc.a(_epilogue.o)
 .text.libgcc.div
                0x0000000000000cd2        0x0 /usr/lib/gcc/avr/5.4.0/avr5/libgcc.a(_epilogue.o)
 .text.libgcc   0x0000000000000cd2        0x0 /usr/lib/gcc/avr/5.4.0/avr5/libgcc.a(_epilogue.o)
 .text.libgcc.prologue
                0x0000000000000cd2       0x36 /usr/lib/gcc/avr/5.4.0/avr5/libgcc.a(_epilogue.o)
                0x0000000000000cd2                __epilogue_restores__
 .text.libgcc.builtins
                0x0000000000000d08        0x0 /usr/lib/gcc/avr/5.4.0/avr5/libgcc.a(_epilogue.o)
 .text.libgcc.fmul
                0x0000000000000d08        0x0 /usr/lib/gcc/avr/5.4.0/avr5/libgcc.a(_epilogue.o)
 .text.libgcc.fixed
                0x0000000000000d08        0x0 /usr/lib/gcc/avr/5.4.0/avr5/libgcc.a(_epilogue.o)
                0x0000000000000d08                . = ALIGN (0x2)
 *(.fini9)
 .fini9         0x0000000000000d08        0x0 /usr/lib/gcc/avr/5.4.0/avr5/libgcc.a(_exit.o)
                0x0000000000000d08                exit
                0x0000000000000d08                _exit
 *(.fini9)
 *(.fini8)
 *(.fini8)
 *(.fini7)
 *(.fini7)
 *(.fini6)
 *(.fini6)
 *(.fini5)
 *(.fini5)
 *(.fini4)
 *(.fini4)
 *(.fini3)
 *(.fini3)
 *(.fini2)
 *(.fini2)
 *(.fini1)
 *(.fini1)
 *(.fini0)
 .fini0         0x0000000000000d08        0x4 /usr/lib/gcc/avr/5.4.0/avr5/libgcc.a(_exit.o)
 *(.fini0)
                0x0000000000000d0c                _etext = .

.data           0x0000000000800100        0x4 load address 0x0000000000000d0c
                0x0000000000800100                PROVIDE (__data_start, .)
 *(.data)
 .data          0x0000000000800100        0x0 /usr/lib/gcc/avr/5.4.0/../../../avr/lib/avr5/crtatmega168p.o
 .data          0x0000000000800100        0x4 lab6_atmega168.o
                0x0000000000800100                temperature
 .data          0x0000000000800104        0x0 twi_master.o
 .data          0x0000000000800104        0x0 uart_functions_m168p.o
 .data          0x0000000000800104        0x0 /usr/lib/gcc/avr/5.4.0/avr5/libgcc.a(_exit.o)
 .data          0x0000000000800104        0x0 /usr/lib/gcc/avr/5.4.0/avr5/libgcc.a(_tablejump2.o)
 .data          0x0000000000800104        0x0 /usr/lib/gcc/avr/5.4.0/avr5/libgcc.a(_copy_data.o)
 .data          0x0000000000800104        0x0 /usr/lib/gcc/avr/5.4.0/avr5/libgcc.a(_clear_bss.o)
 .data          0x0000000000800104        0x0 /usr/lib/gcc/avr/5.4.0/../../../avr/lib/avr5/libm.a(addsf3.o)
 .data          0x0000000000800104        0x0 /usr/lib/gcc/avr/5.4.0/../../../avr/lib/avr5/libm.a(addsf3x.o)
 .data          0x0000000000800104        0x0 /usr/lib/gcc/avr/5.4.0/../../../avr/lib/avr5/libm.a(floatsisf.o)
 .data          0x0000000000800104        0x0 /usr/lib/gcc/avr/5.4.0/../../../avr/lib/avr5/libm.a(fp_inf.o)
 .data          0x0000000000800104        0x0 /usr/lib/gcc/avr/5.4.0/../../../avr/lib/avr5/libm.a(fp_nan.o)
 .data          0x0000000000800104        0x0 /usr/lib/gcc/avr/5.4.0/../../../avr/lib/avr5/libm.a(fp_pscA.o)
 .data          0x0000000000800104        0x0 /usr/lib/gcc/avr/5.4.0/../../../avr/lib/avr5/libm.a(fp_pscB.o)
 .data          0x0000000000800104        0x0 /usr/lib/gcc/avr/5.4.0/../../../avr/lib/avr5/libm.a(fp_round.o)
 .data          0x0000000000800104        0x0 /usr/lib/gcc/avr/5.4.0/../../../avr/lib/avr5/libm.a(fp_split3.o)
 .data          0x0000000000800104        0x0 /usr/lib/gcc/avr/5.4.0/../../../avr/lib/avr5/libm.a(fp_zero.o)
 .data          0x0000000000800104        0x0 /usr/lib/gcc/avr/5.4.0/../../../avr/lib/avr5/libm.a(mulsf3.o)
 .data          0x0000000000800104        0x0 /usr/lib/gcc/avr/5.4.0/../../../avr/lib/avr5/libm.a(mulsf3x.o)
 .data          0x0000000000800104        0x0 /usr/lib/gcc/avr/5.4.0/../../../avr/lib/avr5/libc.a(dtostrf.o)
 .data          0x0000000000800104        0x0 /usr/lib/gcc/avr/5.4.0/../../../avr/lib/avr5/libc.a(dtoa_prf.o)
 .data          0x0000000000800104        0x0 /usr/lib/gcc/avr/5.4.0/../../../avr/lib/avr5/libc.a(ftoa_engine.o)
 .data          0x0000000000800104        0x0 /usr/lib/gcc/avr/5.4.0/avr5/libgcc.a(_prologue.o)
 .data          0x0000000000800104        0x0 /usr/lib/gcc/avr/5.4.0/avr5/libgcc.a(_epilogue.o)
 *(.data*)
 *(.rodata)
 *(.rodata*)
 *(.gnu.linkonce.d*)
                0x0000000000800104                . = ALIGN (0x2)
                0x0000000000800104                _edata = .
                0x0000000000800104                PROVIDE (__data_end, .)

.bss            0x0000000000800104       0x6c
                0x0000000000800104                PROVIDE (__bss_start, .)
 *(.bss)
 .bss           0x0000000000800104        0x0 /usr/lib/gcc/avr/5.4.0/../../../avr/lib/avr5/crtatmega168p.o
 .bss           0x0000000000800104        0x0 lab6_atmega168.o
 .bss           0x0000000000800104        0x1 twi_master.o
 .bss           0x0000000000800105        0x0 uart_functions_m168p.o
 .bss           0x0000000000800105        0x0 /usr/lib/gcc/avr/5.4.0/avr5/libgcc.a(_exit.o)
 .bss           0x0000000000800105        0x0 /usr/lib/gcc/avr/5.4.0/avr5/libgcc.a(_tablejump2.o)
 .bss           0x0000000000800105        0x0 /usr/lib/gcc/avr/5.4.0/avr5/libgcc.a(_copy_data.o)
 .bss           0x0000000000800105        0x0 /usr/lib/gcc/avr/5.4.0/avr5/libgcc.a(_clear_bss.o)
 .bss           0x0000000000800105        0x0 /usr/lib/gcc/avr/5.4.0/../../../avr/lib/avr5/libm.a(addsf3.o)
 .bss           0x0000000000800105        0x0 /usr/lib/gcc/avr/5.4.0/../../../avr/lib/avr5/libm.a(addsf3x.o)
 .bss           0x0000000000800105        0x0 /usr/lib/gcc/avr/5.4.0/../../../avr/lib/avr5/libm.a(floatsisf.o)
 .bss           0x0000000000800105        0x0 /usr/lib/gcc/avr/5.4.0/../../../avr/lib/avr5/libm.a(fp_inf.o)
 .bss           0x0000000000800105        0x0 /usr/lib/gcc/avr/5.4.0/../../../avr/lib/avr5/libm.a(fp_nan.o)
 .bss           0x0000000000800105        0x0 /usr/lib/gcc/avr/5.4.0/../../../avr/lib/avr5/libm.a(fp_pscA.o)
 .bss           0x0000000000800105        0x0 /usr/lib/gcc/avr/5.4.0/../../../avr/lib/avr5/libm.a(fp_pscB.o)
 .bss           0x0000000000800105        0x0 /usr/lib/gcc/avr/5.4.0/../../../avr/lib/avr5/libm.a(fp_round.o)
 .bss           0x0000000000800105        0x0 /usr/lib/gcc/avr/5.4.0/../../../avr/lib/avr5/libm.a(fp_split3.o)
 .bss           0x0000000000800105        0x0 /usr/lib/gcc/avr/5.4.0/../../../avr/lib/avr5/libm.a(fp_zero.o)
 .bss           0x0000000000800105        0x0 /usr/lib/gcc/avr/5.4.0/../../../avr/lib/avr5/libm.a(mulsf3.o)
 .bss           0x0000000000800105        0x0 /usr/lib/gcc/avr/5.4.0/../../../avr/lib/avr5/libm.a(mulsf3x.o)
 .bss           0x0000000000800105        0x0 /usr/lib/gcc/avr/5.4.0/../../../avr/lib/avr5/libc.a(dtostrf.o)
 .bss           0x0000000000800105        0x0 /usr/lib/gcc/avr/5.4.0/../../../avr/lib/avr5/libc.a(dtoa_prf.o)
 .bss           0x0000000000800105        0x0 /usr/lib/gcc/avr/5.4.0/../../../avr/lib/avr5/libc.a(ftoa_engine.o)
 .bss           0x0000000000800105        0x0 /usr/lib/gcc/avr/5.4.0/avr5/libgcc.a(_prologue.o)
 .bss           0x0000000000800105        0x0 /usr/lib/gcc/avr/5.4.0/avr5/libgcc.a(_epilogue.o)
 *(.bss*)
 *(COMMON)
 COMMON         0x0000000000800105       0x16 lab6_atmega168.o
                0x0000000000800105                wr_buff
                0x0000000000800108                rd_buff
                0x000000000080010b                uart_buff
 COMMON         0x000000000080011b        0x5 twi_master.o
                0x000000000080011b                twi_state
                0x000000000080011c                twi_buf
                0x000000000080011e                twi_bus_addr
                0x000000000080011f                twi_msg_size
 COMMON         0x0000000000800120       0x50 uart_functions_m168p.o
                0x0000000000800120                uart_tx_buf
                0x0000000000800148                uart_rx_buf
                0x0000000000800170                PROVIDE (__bss_end, .)
                0x0000000000000d0c                __data_load_start = LOADADDR (.data)
                0x0000000000000d10                __data_load_end = (__data_load_start + SIZEOF (.data))

.noinit         0x0000000000800170        0x0
                [!provide]                        PROVIDE (__noinit_start, .)
 *(.noinit*)
                [!provide]                        PROVIDE (__noinit_end, .)
                0x0000000000800170                _end = .
                [!provide]                        PROVIDE (__heap_start, .)

.eeprom         0x0000000000810000        0x0
 *(.eeprom*)
                0x0000000000810000                __eeprom_end = .

.fuse
 *(.fuse)
 *(.lfuse)
 *(.hfuse)
 *(.efuse)

.lock
 *(.lock*)

.signature
 *(.signature*)

.user_signatures
 *(.user_signatures*)

.stab           0x0000000000000000     0x138c
 *(.stab)
 .stab          0x0000000000000000      0x708 lab6_atmega168.o
 .stab          0x0000000000000708      0x69c twi_master.o
                                        0x894 (size before relaxing)
 .stab          0x0000000000000da4      0x5e8 uart_functions_m168p.o
                                        0x804 (size before relaxing)

.stabstr        0x0000000000000000     0x126b
 *(.stabstr)
 .stabstr       0x0000000000000000     0x126b lab6_atmega168.o

.stab.excl
 *(.stab.excl)

.stab.exclstr
 *(.stab.exclstr)

.stab.index
 *(.stab.index)

.stab.indexstr
 *(.stab.indexstr)

.comment        0x0000000000000000       0x11
 *(.comment)
 .comment       0x0000000000000000       0x11 lab6_atmega168.o
                                         0x12 (size before relaxing)
 .comment       0x0000000000000011       0x12 twi_master.o
 .comment       0x0000000000000011       0x12 uart_functions_m168p.o
 .comment       0x0000000000000011       0x12 /usr/lib/gcc/avr/5.4.0/../../../avr/lib/avr5/libc.a(dtostrf.o)
 .comment       0x0000000000000011       0x12 /usr/lib/gcc/avr/5.4.0/../../../avr/lib/avr5/libc.a(dtoa_prf.o)

.note.gnu.avr.deviceinfo
                0x0000000000000000       0x40
 .note.gnu.avr.deviceinfo
                0x0000000000000000       0x40 /usr/lib/gcc/avr/5.4.0/../../../avr/lib/avr5/crtatmega168p.o

.note.gnu.build-id
 *(.note.gnu.build-id)

.debug
 *(.debug)

.line
 *(.line)

.debug_srcinfo
 *(.debug_srcinfo)

.debug_sfnames
 *(.debug_sfnames)

.debug_aranges
 *(.debug_aranges)

.debug_pubnames
 *(.debug_pubnames)

.debug_info     0x0000000000000000      0x5f4
 *(.debug_info .gnu.linkonce.wi.*)
 .debug_info    0x0000000000000000      0x5f4 /usr/lib/gcc/avr/5.4.0/../../../avr/lib/avr5/crtatmega168p.o

.debug_abbrev   0x0000000000000000      0x5a2
 *(.debug_abbrev)
 .debug_abbrev  0x0000000000000000      0x5a2 /usr/lib/gcc/avr/5.4.0/../../../avr/lib/avr5/crtatmega168p.o

.debug_line     0x0000000000000000       0x1a
 *(.debug_line .debug_line.* .debug_line_end)
 .debug_line    0x0000000000000000       0x1a /usr/lib/gcc/avr/5.4.0/../../../avr/lib/avr5/crtatmega168p.o

.debug_frame
 *(.debug_frame)

.debug_str      0x0000000000000000      0x208
 *(.debug_str)
 .debug_str     0x0000000000000000      0x208 /usr/lib/gcc/avr/5.4.0/../../../avr/lib/avr5/crtatmega168p.o

.debug_loc
 *(.debug_loc)

.debug_macinfo
 *(.debug_macinfo)

.debug_weaknames
 *(.debug_weaknames)

.debug_funcnames
 *(.debug_funcnames)

.debug_typenames
 *(.debug_typenames)

.debug_varnames
 *(.debug_varnames)

.debug_pubtypes
 *(.debug_pubtypes)

.debug_ranges
 *(.debug_ranges)

.debug_macro
 *(.debug_macro)
OUTPUT(lab6_atmega168.elf elf32-avr)
LOAD linker stubs
