Archive member included to satisfy reference by file (symbol)

/usr/lib/gcc/avr/5.4.0/avr51/libgcc.a(_udivmodhi4.o)
                              lab6.o (__udivmodhi4)
/usr/lib/gcc/avr/5.4.0/avr51/libgcc.a(_divmodhi4.o)
                              lab6.o (__divmodhi4)
/usr/lib/gcc/avr/5.4.0/avr51/libgcc.a(_divmodsi4.o)
                              hd44780.o (__divmodsi4)
/usr/lib/gcc/avr/5.4.0/avr51/libgcc.a(_negsi2.o)
                              /usr/lib/gcc/avr/5.4.0/avr51/libgcc.a(_divmodsi4.o) (__negsi2)
/usr/lib/gcc/avr/5.4.0/avr51/libgcc.a(_exit.o)
                              /usr/lib/gcc/avr/5.4.0/../../../avr/lib/avr51/crtatmega128.o (exit)
/usr/lib/gcc/avr/5.4.0/avr51/libgcc.a(_tablejump2.o)
                              twi_master.o (__tablejump2__)
/usr/lib/gcc/avr/5.4.0/avr51/libgcc.a(_copy_data.o)
                              lab6.o (__do_copy_data)
/usr/lib/gcc/avr/5.4.0/avr51/libgcc.a(_clear_bss.o)
                              lab6.o (__do_clear_bss)
/usr/lib/gcc/avr/5.4.0/avr51/libgcc.a(_umulhisi3.o)
                              lab6.o (__umulhisi3)
/usr/lib/gcc/avr/5.4.0/avr51/libgcc.a(_udivmodsi4.o)
                              /usr/lib/gcc/avr/5.4.0/avr51/libgcc.a(_divmodsi4.o) (__udivmodsi4)
/usr/lib/gcc/avr/5.4.0/../../../avr/lib/avr51/libc.a(itoa_ncheck.o)
                              lab6.o (__itoa_ncheck)
/usr/lib/gcc/avr/5.4.0/../../../avr/lib/avr51/libc.a(utoa_ncheck.o)
                              /usr/lib/gcc/avr/5.4.0/../../../avr/lib/avr51/libc.a(itoa_ncheck.o) (__utoa_common)
/usr/lib/gcc/avr/5.4.0/../../../avr/lib/avr51/libc.a(sprintf.o)
                              lab6.o (sprintf)
/usr/lib/gcc/avr/5.4.0/../../../avr/lib/avr51/libc.a(vfprintf_std.o)
                              /usr/lib/gcc/avr/5.4.0/../../../avr/lib/avr51/libc.a(sprintf.o) (vfprintf)
/usr/lib/gcc/avr/5.4.0/../../../avr/lib/avr51/libc.a(strnlen_P.o)
                              /usr/lib/gcc/avr/5.4.0/../../../avr/lib/avr51/libc.a(vfprintf_std.o) (strnlen_P)
/usr/lib/gcc/avr/5.4.0/../../../avr/lib/avr51/libc.a(strnlen.o)
                              /usr/lib/gcc/avr/5.4.0/../../../avr/lib/avr51/libc.a(vfprintf_std.o) (strnlen)
/usr/lib/gcc/avr/5.4.0/../../../avr/lib/avr51/libc.a(strrev.o)
                              /usr/lib/gcc/avr/5.4.0/../../../avr/lib/avr51/libc.a(utoa_ncheck.o) (strrev)
/usr/lib/gcc/avr/5.4.0/../../../avr/lib/avr51/libc.a(fputc.o)
                              /usr/lib/gcc/avr/5.4.0/../../../avr/lib/avr51/libc.a(vfprintf_std.o) (fputc)
/usr/lib/gcc/avr/5.4.0/../../../avr/lib/avr51/libc.a(ultoa_invert.o)
                              /usr/lib/gcc/avr/5.4.0/../../../avr/lib/avr51/libc.a(vfprintf_std.o) (__ultoa_invert)

Allocating common symbols
Common symbol       size              file

uart_tx_buf         0x28              uart_functions.o
twi_state           0x1               twi_master.o
current_radio_band  0x2               lab6.o
twi_buf             0x2               twi_master.o
uart1_tx_buf        0x28              uart_functions.o
digit_dictionary    0x7               lab6.o
alarm_time          0x6               lab6.o
volume              0x1               lab6.o
lcd_string_array    0x20              hd44780.o
si4734_wr_buf       0x9               si4734.o
buttons_toggled_A   0x1               lab6.o
lm73_wr_buf         0x3               lm73_functions.o
si4734_tune_status_buf
                    0x8               si4734.o
button_counts_A     0x10              lab6.o
current_volume      0x1               lab6.o
uart_buff           0x10              lab6.o
si4734_revision_buf
                    0x10              si4734.o
lcd_data_handle     0x21              lab6.o
twi_bus_addr        0x1               twi_master.o
lcd_str             0x10              hd44780.o
buttons_pressed_A   0x1               lab6.o
twi_msg_size        0x1               twi_master.o
current_am_freq     0x2               lab6.o
uart1_rx_buf        0x28              uart_functions.o
default_time_changed
                    0x1               lab6.o
internal_temp       0x4               lab6.o
current_fm_freq     0x2               lab6.o
STC_interrupt       0x1               lab6.o
segment_dictionary  0x15              lab6.o
buttons_clicked_A   0x1               lab6.o
snooze_time         0x6               lab6.o
default_time        0x6               lab6.o
current_sw_freq     0x2               lab6.o
lm73_rd_buf         0x3               lm73_functions.o
external_temp_string
                    0x6               lab6.o
uart_rx_buf         0x28              uart_functions.o
encoder_data        0x1               lab6.o
si4734_rd_buf       0xf               si4734.o
brightness          0x1               lab6.o
segment_data        0x5               lab6.o
radio_on            0x1               lab6.o

Memory Configuration

Name             Origin             Length             Attributes
text             0x0000000000000000 0x0000000000020000 xr
data             0x0000000000800100 0x000000000000ff00 rw !x
eeprom           0x0000000000810000 0x0000000000010000 rw !x
fuse             0x0000000000820000 0x0000000000000003 rw !x
lock             0x0000000000830000 0x0000000000000400 rw !x
signature        0x0000000000840000 0x0000000000000400 rw !x
user_signatures  0x0000000000850000 0x0000000000000400 rw !x
*default*        0x0000000000000000 0xffffffffffffffff

Linker script and memory map

Address of section .data set to 0x800100
LOAD /usr/lib/gcc/avr/5.4.0/../../../avr/lib/avr51/crtatmega128.o
LOAD lab6.o
LOAD hd44780.o
LOAD twi_master.o
LOAD lm73_functions.o
LOAD uart_functions.o
LOAD si4734.o
START GROUP
LOAD /usr/lib/gcc/avr/5.4.0/avr51/libgcc.a
LOAD /usr/lib/gcc/avr/5.4.0/../../../avr/lib/avr51/libm.a
LOAD /usr/lib/gcc/avr/5.4.0/../../../avr/lib/avr51/libc.a
LOAD /usr/lib/gcc/avr/5.4.0/../../../avr/lib/avr51/libatmega128.a
END GROUP
                0x0000000000020000                __TEXT_REGION_LENGTH__ = DEFINED (__TEXT_REGION_LENGTH__)?__TEXT_REGION_LENGTH__:0x20000
                0x000000000000ff00                __DATA_REGION_LENGTH__ = DEFINED (__DATA_REGION_LENGTH__)?__DATA_REGION_LENGTH__:0xff00
                0x0000000000010000                __EEPROM_REGION_LENGTH__ = DEFINED (__EEPROM_REGION_LENGTH__)?__EEPROM_REGION_LENGTH__:0x10000
                [0x0000000000000003]                __FUSE_REGION_LENGTH__ = DEFINED (__FUSE_REGION_LENGTH__)?__FUSE_REGION_LENGTH__:0x400
                0x0000000000000400                __LOCK_REGION_LENGTH__ = DEFINED (__LOCK_REGION_LENGTH__)?__LOCK_REGION_LENGTH__:0x400
                0x0000000000000400                __SIGNATURE_REGION_LENGTH__ = DEFINED (__SIGNATURE_REGION_LENGTH__)?__SIGNATURE_REGION_LENGTH__:0x400
                0x0000000000000400                __USER_SIGNATURE_REGION_LENGTH__ = DEFINED (__USER_SIGNATURE_REGION_LENGTH__)?__USER_SIGNATURE_REGION_LENGTH__:0x400

.hash
 *(.hash)

.dynsym
 *(.dynsym)

.dynstr
 *(.dynstr)

.gnu.version
 *(.gnu.version)

.gnu.version_d
 *(.gnu.version_d)

.gnu.version_r
 *(.gnu.version_r)

.rel.init
 *(.rel.init)

.rela.init
 *(.rela.init)

.rel.text
 *(.rel.text)
 *(.rel.text.*)
 *(.rel.gnu.linkonce.t*)

.rela.text
 *(.rela.text)
 *(.rela.text.*)
 *(.rela.gnu.linkonce.t*)

.rel.fini
 *(.rel.fini)

.rela.fini
 *(.rela.fini)

.rel.rodata
 *(.rel.rodata)
 *(.rel.rodata.*)
 *(.rel.gnu.linkonce.r*)

.rela.rodata
 *(.rela.rodata)
 *(.rela.rodata.*)
 *(.rela.gnu.linkonce.r*)

.rel.data
 *(.rel.data)
 *(.rel.data.*)
 *(.rel.gnu.linkonce.d*)

.rela.data
 *(.rela.data)
 *(.rela.data.*)
 *(.rela.gnu.linkonce.d*)

.rel.ctors
 *(.rel.ctors)

.rela.ctors
 *(.rela.ctors)

.rel.dtors
 *(.rel.dtors)

.rela.dtors
 *(.rela.dtors)

.rel.got
 *(.rel.got)

.rela.got
 *(.rela.got)

.rel.bss
 *(.rel.bss)

.rela.bss
 *(.rela.bss)

.rel.plt
 *(.rel.plt)

.rela.plt
 *(.rela.plt)

.text           0x0000000000000000     0x2b3c
 *(.vectors)
 .vectors       0x0000000000000000       0x8c /usr/lib/gcc/avr/5.4.0/../../../avr/lib/avr51/crtatmega128.o
                0x0000000000000000                __vectors
                0x0000000000000000                __vector_default
 *(.vectors)
 *(.progmem.gcc*)
 .progmem.gcc_sw_table
                0x000000000000008c       0xa2 twi_master.o
                0x000000000000012e                . = ALIGN (0x2)
                0x000000000000012e                __trampolines_start = .
 *(.trampolines)
 .trampolines   0x000000000000012e        0x0 linker stubs
 *(.trampolines*)
                0x000000000000012e                __trampolines_end = .
 *libprintf_flt.a:*(.progmem.data)
 *libc.a:*(.progmem.data)
 *(.progmem*)
                0x000000000000012e                . = ALIGN (0x2)
 *(.jumptables)
 *(.jumptables*)
 *(.lowtext)
 *(.lowtext*)
                0x000000000000012e                __ctors_start = .
 *(.ctors)
                0x000000000000012e                __ctors_end = .
                0x000000000000012e                __dtors_start = .
 *(.dtors)
                0x000000000000012e                __dtors_end = .
 SORT(*)(.ctors)
 SORT(*)(.dtors)
 *(.init0)
 .init0         0x000000000000012e        0x0 /usr/lib/gcc/avr/5.4.0/../../../avr/lib/avr51/crtatmega128.o
                0x000000000000012e                __init
 *(.init0)
 *(.init1)
 *(.init1)
 *(.init2)
 .init2         0x000000000000012e        0xc /usr/lib/gcc/avr/5.4.0/../../../avr/lib/avr51/crtatmega128.o
 *(.init2)
 *(.init3)
 *(.init3)
 *(.init4)
 .init4         0x000000000000013a       0x1a /usr/lib/gcc/avr/5.4.0/avr51/libgcc.a(_copy_data.o)
                0x000000000000013a                __do_copy_data
 .init4         0x0000000000000154       0x10 /usr/lib/gcc/avr/5.4.0/avr51/libgcc.a(_clear_bss.o)
                0x0000000000000154                __do_clear_bss
 *(.init4)
 *(.init5)
 *(.init5)
 *(.init6)
 *(.init6)
 *(.init7)
 *(.init7)
 *(.init8)
 *(.init8)
 *(.init9)
 .init9         0x0000000000000164        0x8 /usr/lib/gcc/avr/5.4.0/../../../avr/lib/avr51/crtatmega128.o
 *(.init9)
 *(.text)
 .text          0x000000000000016c        0x4 /usr/lib/gcc/avr/5.4.0/../../../avr/lib/avr51/crtatmega128.o
                0x000000000000016c                __vector_22
                0x000000000000016c                __vector_28
                0x000000000000016c                __vector_1
                0x000000000000016c                __vector_32
                0x000000000000016c                __vector_34
                0x000000000000016c                __vector_24
                0x000000000000016c                __bad_interrupt
                0x000000000000016c                __vector_6
                0x000000000000016c                __vector_31
                0x000000000000016c                __vector_3
                0x000000000000016c                __vector_23
                0x000000000000016c                __vector_30
                0x000000000000016c                __vector_25
                0x000000000000016c                __vector_11
                0x000000000000016c                __vector_13
                0x000000000000016c                __vector_17
                0x000000000000016c                __vector_19
                0x000000000000016c                __vector_7
                0x000000000000016c                __vector_27
                0x000000000000016c                __vector_5
                0x000000000000016c                __vector_4
                0x000000000000016c                __vector_9
                0x000000000000016c                __vector_2
                0x000000000000016c                __vector_29
                0x000000000000016c                __vector_26
                0x000000000000016c                __vector_10
                0x000000000000016c                __vector_16
                0x000000000000016c                __vector_20
 .text          0x0000000000000170     0x1176 lab6.o
                0x0000000000000170                __vector_21
                0x00000000000001dc                __vector_12
                0x00000000000001fa                __vector_14
                0x000000000000024a                __vector_8
                0x0000000000000268                __vector_18
                0x00000000000002bc                init_buttons_A
                0x00000000000002da                get_buttons_A
                0x00000000000003a0                init_segments
                0x0000000000000434                clock_to_segments
                0x00000000000004ac                set_segments
                0x000000000000050c                init_5ms_clock
                0x0000000000000548                handle_5ms_clock
                0x0000000000000686                __vector_15
                0x00000000000006da                consume_5ms_clock
                0x00000000000006e0                init_alarm_time
                0x00000000000006f4                init_snooze
                0x0000000000000704                snooze
                0x0000000000000770                activate_lcd_send
                0x0000000000000776                send_to_lcd
                0x00000000000007b2                set_lcd_alarm
                0x00000000000007ea                set_lcd_frequency
                0x00000000000008ec                set_lcd_volume
                0x000000000000092c                set_lcd_internal_temp
                0x00000000000009e0                set_lcd_external_temp
                0x0000000000000a24                my_lcd_init
                0x0000000000000a6a                toggle_lcd_display_mode
                0x0000000000000a86                init_spi
                0x0000000000000aaa                get_encoder_set_bargraph
                0x0000000000000abc                get_encoder_direction
                0x0000000000000bac                init_volume
                0x0000000000000bf4                set_volume
                0x0000000000000c10                init_alarm_music
                0x0000000000000c46                stop_alarm_music
                0x0000000000000c5a                play_note
                0x0000000000000cb0                init_photocell
                0x0000000000000cd8                init_brightness
                0x0000000000000cf4                find_brightness
                0x0000000000000d12                set_brightness
                0x0000000000000d2a                read_brightness
                0x0000000000000d2e                apply_lm73
                0x0000000000000d50                apply_max2323
                0x0000000000000d6a                init_radio
                0x0000000000000d94                radio_reset
                0x0000000000000db6                turn_on_fm_radio
                0x0000000000000dce                turn_off_fm_radio
                0x0000000000000ddc                start_alarm_music
                0x0000000000000df6                check_alarm
                0x0000000000000f4c                alarm_music_engine
                0x0000000000000f6c                apply_radio_fm_freq
                0x0000000000000fbe                handle_buttons_A
                0x0000000000001194                apply_encoders
                0x00000000000012c8                bitmarch
 .text          0x00000000000012e6      0x96c hd44780.o
                0x00000000000012e6                send_lcd
                0x0000000000001310                refresh_lcd
                0x00000000000013c2                set_custom_character
                0x000000000000142e                set_cursor
                0x000000000000145a                uint2lcd
                0x000000000000152e                int2lcd
                0x0000000000001566                cursor_on
                0x000000000000158a                cursor_off
                0x00000000000015ae                shift_right
                0x00000000000015d2                shift_left
                0x00000000000015f6                strobe_lcd
                0x0000000000001608                clear_display
                0x0000000000001638                cursor_home
                0x0000000000001668                line2_col1
                0x0000000000001694                line1_col1
                0x00000000000016c0                fill_spaces
                0x00000000000016f4                char2lcd
                0x0000000000001718                string2lcd
                0x0000000000001772                lcd_init
                0x00000000000018f6                lcd_int32
                0x0000000000001aa2                lcd_int16
 .text          0x0000000000001c52      0x17c twi_master.o
                0x0000000000001c52                __vector_33
                0x0000000000001d70                twi_busy
                0x0000000000001d78                twi_start_wr
                0x0000000000001d9a                twi_start_rd
                0x0000000000001dbc                init_twi
 .text          0x0000000000001dce       0xd0 lm73_functions.o
                0x0000000000001dce                init_lm73
                0x0000000000001e0a                check_lm73_alert
                0x0000000000001e12                get_lm73_temp
 .text          0x0000000000001e9e       0xf6 uart_functions.o
                0x0000000000001e9e                uart_putc
                0x0000000000001eaa                uart1_putc
                0x0000000000001ec0                uart_puts
                0x0000000000001edc                uart1_puts
                0x0000000000001f02                uart_puts_p
                0x0000000000001f28                uart_init
                0x0000000000001f42                uart1_init
                0x0000000000001f62                uart_getc
                0x0000000000001f78                uart1_getc
 .text          0x0000000000001f94      0x2e0 si4734.o
                0x0000000000001f94                get_int_status
                0x0000000000001fd4                fm_tune_freq
                0x000000000000200c                am_tune_freq
                0x0000000000002048                sw_tune_freq
                0x0000000000002082                radio_pwr_dwn
                0x0000000000002096                fm_rsq_status
                0x00000000000020d8                fm_tune_status
                0x000000000000211a                am_tune_status
                0x0000000000002152                am_rsq_status
                0x000000000000218a                set_property
                0x00000000000021b4                fm_pwr_up
                0x00000000000021ec                am_pwr_up
                0x0000000000002224                sw_pwr_up
 .text          0x0000000000002274        0x0 /usr/lib/gcc/avr/5.4.0/avr51/libgcc.a(_udivmodhi4.o)
 .text          0x0000000000002274        0x0 /usr/lib/gcc/avr/5.4.0/avr51/libgcc.a(_divmodhi4.o)
 .text          0x0000000000002274        0x0 /usr/lib/gcc/avr/5.4.0/avr51/libgcc.a(_divmodsi4.o)
 .text          0x0000000000002274        0x0 /usr/lib/gcc/avr/5.4.0/avr51/libgcc.a(_negsi2.o)
 .text          0x0000000000002274        0x0 /usr/lib/gcc/avr/5.4.0/avr51/libgcc.a(_exit.o)
 .text          0x0000000000002274        0x0 /usr/lib/gcc/avr/5.4.0/avr51/libgcc.a(_tablejump2.o)
 .text          0x0000000000002274        0x0 /usr/lib/gcc/avr/5.4.0/avr51/libgcc.a(_copy_data.o)
 .text          0x0000000000002274        0x0 /usr/lib/gcc/avr/5.4.0/avr51/libgcc.a(_clear_bss.o)
 .text          0x0000000000002274        0x0 /usr/lib/gcc/avr/5.4.0/avr51/libgcc.a(_umulhisi3.o)
 .text          0x0000000000002274        0x0 /usr/lib/gcc/avr/5.4.0/avr51/libgcc.a(_udivmodsi4.o)
 .text          0x0000000000002274        0x0 /usr/lib/gcc/avr/5.4.0/../../../avr/lib/avr51/libc.a(itoa_ncheck.o)
 .text          0x0000000000002274        0x0 /usr/lib/gcc/avr/5.4.0/../../../avr/lib/avr51/libc.a(utoa_ncheck.o)
 .text          0x0000000000002274        0x0 /usr/lib/gcc/avr/5.4.0/../../../avr/lib/avr51/libc.a(sprintf.o)
 .text          0x0000000000002274        0x0 /usr/lib/gcc/avr/5.4.0/../../../avr/lib/avr51/libc.a(vfprintf_std.o)
 .text          0x0000000000002274        0x0 /usr/lib/gcc/avr/5.4.0/../../../avr/lib/avr51/libc.a(strnlen_P.o)
 .text          0x0000000000002274        0x0 /usr/lib/gcc/avr/5.4.0/../../../avr/lib/avr51/libc.a(strnlen.o)
 .text          0x0000000000002274        0x0 /usr/lib/gcc/avr/5.4.0/../../../avr/lib/avr51/libc.a(strrev.o)
 .text          0x0000000000002274        0x0 /usr/lib/gcc/avr/5.4.0/../../../avr/lib/avr51/libc.a(fputc.o)
 .text          0x0000000000002274        0x0 /usr/lib/gcc/avr/5.4.0/../../../avr/lib/avr51/libc.a(ultoa_invert.o)
                0x0000000000002274                . = ALIGN (0x2)
 *(.text.*)
 .text.startup  0x0000000000002274      0x186 lab6.o
                0x0000000000002274                main
 .text.libgcc.mul
                0x00000000000023fa        0x0 /usr/lib/gcc/avr/5.4.0/avr51/libgcc.a(_udivmodhi4.o)
 .text.libgcc.div
                0x00000000000023fa       0x28 /usr/lib/gcc/avr/5.4.0/avr51/libgcc.a(_udivmodhi4.o)
                0x00000000000023fa                __udivmodhi4
 .text.libgcc   0x0000000000002422        0x0 /usr/lib/gcc/avr/5.4.0/avr51/libgcc.a(_udivmodhi4.o)
 .text.libgcc.prologue
                0x0000000000002422        0x0 /usr/lib/gcc/avr/5.4.0/avr51/libgcc.a(_udivmodhi4.o)
 .text.libgcc.builtins
                0x0000000000002422        0x0 /usr/lib/gcc/avr/5.4.0/avr51/libgcc.a(_udivmodhi4.o)
 .text.libgcc.fmul
                0x0000000000002422        0x0 /usr/lib/gcc/avr/5.4.0/avr51/libgcc.a(_udivmodhi4.o)
 .text.libgcc.fixed
                0x0000000000002422        0x0 /usr/lib/gcc/avr/5.4.0/avr51/libgcc.a(_udivmodhi4.o)
 .text.libgcc.mul
                0x0000000000002422        0x0 /usr/lib/gcc/avr/5.4.0/avr51/libgcc.a(_divmodhi4.o)
 .text.libgcc.div
                0x0000000000002422       0x28 /usr/lib/gcc/avr/5.4.0/avr51/libgcc.a(_divmodhi4.o)
                0x0000000000002422                __divmodhi4
                0x0000000000002422                _div
 .text.libgcc   0x000000000000244a        0x0 /usr/lib/gcc/avr/5.4.0/avr51/libgcc.a(_divmodhi4.o)
 .text.libgcc.prologue
                0x000000000000244a        0x0 /usr/lib/gcc/avr/5.4.0/avr51/libgcc.a(_divmodhi4.o)
 .text.libgcc.builtins
                0x000000000000244a        0x0 /usr/lib/gcc/avr/5.4.0/avr51/libgcc.a(_divmodhi4.o)
 .text.libgcc.fmul
                0x000000000000244a        0x0 /usr/lib/gcc/avr/5.4.0/avr51/libgcc.a(_divmodhi4.o)
 .text.libgcc.fixed
                0x000000000000244a        0x0 /usr/lib/gcc/avr/5.4.0/avr51/libgcc.a(_divmodhi4.o)
 .text.libgcc.mul
                0x000000000000244a        0x0 /usr/lib/gcc/avr/5.4.0/avr51/libgcc.a(_divmodsi4.o)
 .text.libgcc.div
                0x000000000000244a       0x2e /usr/lib/gcc/avr/5.4.0/avr51/libgcc.a(_divmodsi4.o)
                0x000000000000244a                __divmodsi4
 .text.libgcc   0x0000000000002478        0x0 /usr/lib/gcc/avr/5.4.0/avr51/libgcc.a(_divmodsi4.o)
 .text.libgcc.prologue
                0x0000000000002478        0x0 /usr/lib/gcc/avr/5.4.0/avr51/libgcc.a(_divmodsi4.o)
 .text.libgcc.builtins
                0x0000000000002478        0x0 /usr/lib/gcc/avr/5.4.0/avr51/libgcc.a(_divmodsi4.o)
 .text.libgcc.fmul
                0x0000000000002478        0x0 /usr/lib/gcc/avr/5.4.0/avr51/libgcc.a(_divmodsi4.o)
 .text.libgcc.fixed
                0x0000000000002478        0x0 /usr/lib/gcc/avr/5.4.0/avr51/libgcc.a(_divmodsi4.o)
 .text.libgcc.mul
                0x0000000000002478        0x0 /usr/lib/gcc/avr/5.4.0/avr51/libgcc.a(_negsi2.o)
 .text.libgcc.div
                0x0000000000002478       0x10 /usr/lib/gcc/avr/5.4.0/avr51/libgcc.a(_negsi2.o)
                0x0000000000002478                __negsi2
 .text.libgcc   0x0000000000002488        0x0 /usr/lib/gcc/avr/5.4.0/avr51/libgcc.a(_negsi2.o)
 .text.libgcc.prologue
                0x0000000000002488        0x0 /usr/lib/gcc/avr/5.4.0/avr51/libgcc.a(_negsi2.o)
 .text.libgcc.builtins
                0x0000000000002488        0x0 /usr/lib/gcc/avr/5.4.0/avr51/libgcc.a(_negsi2.o)
 .text.libgcc.fmul
                0x0000000000002488        0x0 /usr/lib/gcc/avr/5.4.0/avr51/libgcc.a(_negsi2.o)
 .text.libgcc.fixed
                0x0000000000002488        0x0 /usr/lib/gcc/avr/5.4.0/avr51/libgcc.a(_negsi2.o)
 .text.libgcc.mul
                0x0000000000002488        0x0 /usr/lib/gcc/avr/5.4.0/avr51/libgcc.a(_exit.o)
 .text.libgcc.div
                0x0000000000002488        0x0 /usr/lib/gcc/avr/5.4.0/avr51/libgcc.a(_exit.o)
 .text.libgcc   0x0000000000002488        0x0 /usr/lib/gcc/avr/5.4.0/avr51/libgcc.a(_exit.o)
 .text.libgcc.prologue
                0x0000000000002488        0x0 /usr/lib/gcc/avr/5.4.0/avr51/libgcc.a(_exit.o)
 .text.libgcc.builtins
                0x0000000000002488        0x0 /usr/lib/gcc/avr/5.4.0/avr51/libgcc.a(_exit.o)
 .text.libgcc.fmul
                0x0000000000002488        0x0 /usr/lib/gcc/avr/5.4.0/avr51/libgcc.a(_exit.o)
 .text.libgcc.fixed
                0x0000000000002488        0x0 /usr/lib/gcc/avr/5.4.0/avr51/libgcc.a(_exit.o)
 .text.libgcc.mul
                0x0000000000002488        0x0 /usr/lib/gcc/avr/5.4.0/avr51/libgcc.a(_tablejump2.o)
 .text.libgcc.div
                0x0000000000002488        0x0 /usr/lib/gcc/avr/5.4.0/avr51/libgcc.a(_tablejump2.o)
 .text.libgcc   0x0000000000002488       0x12 /usr/lib/gcc/avr/5.4.0/avr51/libgcc.a(_tablejump2.o)
                0x0000000000002488                __tablejump2__
 .text.libgcc.prologue
                0x000000000000249a        0x0 /usr/lib/gcc/avr/5.4.0/avr51/libgcc.a(_tablejump2.o)
 .text.libgcc.builtins
                0x000000000000249a        0x0 /usr/lib/gcc/avr/5.4.0/avr51/libgcc.a(_tablejump2.o)
 .text.libgcc.fmul
                0x000000000000249a        0x0 /usr/lib/gcc/avr/5.4.0/avr51/libgcc.a(_tablejump2.o)
 .text.libgcc.fixed
                0x000000000000249a        0x0 /usr/lib/gcc/avr/5.4.0/avr51/libgcc.a(_tablejump2.o)
 .text.libgcc.mul
                0x000000000000249a        0x0 /usr/lib/gcc/avr/5.4.0/avr51/libgcc.a(_copy_data.o)
 .text.libgcc.div
                0x000000000000249a        0x0 /usr/lib/gcc/avr/5.4.0/avr51/libgcc.a(_copy_data.o)
 .text.libgcc   0x000000000000249a        0x0 /usr/lib/gcc/avr/5.4.0/avr51/libgcc.a(_copy_data.o)
 .text.libgcc.prologue
                0x000000000000249a        0x0 /usr/lib/gcc/avr/5.4.0/avr51/libgcc.a(_copy_data.o)
 .text.libgcc.builtins
                0x000000000000249a        0x0 /usr/lib/gcc/avr/5.4.0/avr51/libgcc.a(_copy_data.o)
 .text.libgcc.fmul
                0x000000000000249a        0x0 /usr/lib/gcc/avr/5.4.0/avr51/libgcc.a(_copy_data.o)
 .text.libgcc.fixed
                0x000000000000249a        0x0 /usr/lib/gcc/avr/5.4.0/avr51/libgcc.a(_copy_data.o)
 .text.libgcc.mul
                0x000000000000249a        0x0 /usr/lib/gcc/avr/5.4.0/avr51/libgcc.a(_clear_bss.o)
 .text.libgcc.div
                0x000000000000249a        0x0 /usr/lib/gcc/avr/5.4.0/avr51/libgcc.a(_clear_bss.o)
 .text.libgcc   0x000000000000249a        0x0 /usr/lib/gcc/avr/5.4.0/avr51/libgcc.a(_clear_bss.o)
 .text.libgcc.prologue
                0x000000000000249a        0x0 /usr/lib/gcc/avr/5.4.0/avr51/libgcc.a(_clear_bss.o)
 .text.libgcc.builtins
                0x000000000000249a        0x0 /usr/lib/gcc/avr/5.4.0/avr51/libgcc.a(_clear_bss.o)
 .text.libgcc.fmul
                0x000000000000249a        0x0 /usr/lib/gcc/avr/5.4.0/avr51/libgcc.a(_clear_bss.o)
 .text.libgcc.fixed
                0x000000000000249a        0x0 /usr/lib/gcc/avr/5.4.0/avr51/libgcc.a(_clear_bss.o)
 .text.libgcc.mul
                0x000000000000249a       0x1e /usr/lib/gcc/avr/5.4.0/avr51/libgcc.a(_umulhisi3.o)
                0x000000000000249a                __umulhisi3
 .text.libgcc.div
                0x00000000000024b8        0x0 /usr/lib/gcc/avr/5.4.0/avr51/libgcc.a(_umulhisi3.o)
 .text.libgcc   0x00000000000024b8        0x0 /usr/lib/gcc/avr/5.4.0/avr51/libgcc.a(_umulhisi3.o)
 .text.libgcc.prologue
                0x00000000000024b8        0x0 /usr/lib/gcc/avr/5.4.0/avr51/libgcc.a(_umulhisi3.o)
 .text.libgcc.builtins
                0x00000000000024b8        0x0 /usr/lib/gcc/avr/5.4.0/avr51/libgcc.a(_umulhisi3.o)
 .text.libgcc.fmul
                0x00000000000024b8        0x0 /usr/lib/gcc/avr/5.4.0/avr51/libgcc.a(_umulhisi3.o)
 .text.libgcc.fixed
                0x00000000000024b8        0x0 /usr/lib/gcc/avr/5.4.0/avr51/libgcc.a(_umulhisi3.o)
 .text.libgcc.mul
                0x00000000000024b8        0x0 /usr/lib/gcc/avr/5.4.0/avr51/libgcc.a(_udivmodsi4.o)
 .text.libgcc.div
                0x00000000000024b8       0x44 /usr/lib/gcc/avr/5.4.0/avr51/libgcc.a(_udivmodsi4.o)
                0x00000000000024b8                __udivmodsi4
 .text.libgcc   0x00000000000024fc        0x0 /usr/lib/gcc/avr/5.4.0/avr51/libgcc.a(_udivmodsi4.o)
 .text.libgcc.prologue
                0x00000000000024fc        0x0 /usr/lib/gcc/avr/5.4.0/avr51/libgcc.a(_udivmodsi4.o)
 .text.libgcc.builtins
                0x00000000000024fc        0x0 /usr/lib/gcc/avr/5.4.0/avr51/libgcc.a(_udivmodsi4.o)
 .text.libgcc.fmul
                0x00000000000024fc        0x0 /usr/lib/gcc/avr/5.4.0/avr51/libgcc.a(_udivmodsi4.o)
 .text.libgcc.fixed
                0x00000000000024fc        0x0 /usr/lib/gcc/avr/5.4.0/avr51/libgcc.a(_udivmodsi4.o)
 .text.avr-libc
                0x00000000000024fc       0x16 /usr/lib/gcc/avr/5.4.0/../../../avr/lib/avr51/libc.a(itoa_ncheck.o)
                0x00000000000024fc                __itoa_ncheck
 .text.avr-libc
                0x0000000000002512       0x34 /usr/lib/gcc/avr/5.4.0/../../../avr/lib/avr51/libc.a(utoa_ncheck.o)
                0x0000000000002512                __utoa_ncheck
                0x0000000000002514                __utoa_common
 .text.avr-libc
                0x0000000000002546       0x5e /usr/lib/gcc/avr/5.4.0/../../../avr/lib/avr51/libc.a(sprintf.o)
                0x0000000000002546                sprintf
 .text.avr-libc
                0x00000000000025a4      0x414 /usr/lib/gcc/avr/5.4.0/../../../avr/lib/avr51/libc.a(vfprintf_std.o)
                0x00000000000025a4                vfprintf
 .text.avr-libc
                0x00000000000029b8       0x16 /usr/lib/gcc/avr/5.4.0/../../../avr/lib/avr51/libc.a(strnlen_P.o)
                0x00000000000029b8                strnlen_P
 .text.avr-libc
                0x00000000000029ce       0x16 /usr/lib/gcc/avr/5.4.0/../../../avr/lib/avr51/libc.a(strnlen.o)
                0x00000000000029ce                strnlen
 .text.avr-libc
                0x00000000000029e4       0x20 /usr/lib/gcc/avr/5.4.0/../../../avr/lib/avr51/libc.a(strrev.o)
                0x00000000000029e4                strrev
 .text.avr-libc
                0x0000000000002a04       0x78 /usr/lib/gcc/avr/5.4.0/../../../avr/lib/avr51/libc.a(fputc.o)
                0x0000000000002a04                fputc
 .text.avr-libc
                0x0000000000002a7c       0xbc /usr/lib/gcc/avr/5.4.0/../../../avr/lib/avr51/libc.a(ultoa_invert.o)
                0x0000000000002a7c                __ultoa_invert
                0x0000000000002b38                . = ALIGN (0x2)
 *(.fini9)
 .fini9         0x0000000000002b38        0x0 /usr/lib/gcc/avr/5.4.0/avr51/libgcc.a(_exit.o)
                0x0000000000002b38                exit
                0x0000000000002b38                _exit
 *(.fini9)
 *(.fini8)
 *(.fini8)
 *(.fini7)
 *(.fini7)
 *(.fini6)
 *(.fini6)
 *(.fini5)
 *(.fini5)
 *(.fini4)
 *(.fini4)
 *(.fini3)
 *(.fini3)
 *(.fini2)
 *(.fini2)
 *(.fini1)
 *(.fini1)
 *(.fini0)
 .fini0         0x0000000000002b38        0x4 /usr/lib/gcc/avr/5.4.0/avr51/libgcc.a(_exit.o)
 *(.fini0)
                0x0000000000002b3c                _etext = .

.data           0x0000000000800100       0xca load address 0x0000000000002b3c
                0x0000000000800100                PROVIDE (__data_start, .)
 *(.data)
 .data          0x0000000000800100        0x0 /usr/lib/gcc/avr/5.4.0/../../../avr/lib/avr51/crtatmega128.o
 .data          0x0000000000800100        0x6 lab6.o
                0x0000000000800100                lcd_display_mode
                0x0000000000800101                mute_active
                0x0000000000800102                note_idx
                0x0000000000800104                time_step
 .data          0x0000000000800106        0x0 hd44780.o
 .data          0x0000000000800106        0x0 twi_master.o
 .data          0x0000000000800106        0x0 lm73_functions.o
 .data          0x0000000000800106        0x0 uart_functions.o
 .data          0x0000000000800106        0x0 si4734.o
 .data          0x0000000000800106        0x0 /usr/lib/gcc/avr/5.4.0/avr51/libgcc.a(_udivmodhi4.o)
 .data          0x0000000000800106        0x0 /usr/lib/gcc/avr/5.4.0/avr51/libgcc.a(_divmodhi4.o)
 .data          0x0000000000800106        0x0 /usr/lib/gcc/avr/5.4.0/avr51/libgcc.a(_divmodsi4.o)
 .data          0x0000000000800106        0x0 /usr/lib/gcc/avr/5.4.0/avr51/libgcc.a(_negsi2.o)
 .data          0x0000000000800106        0x0 /usr/lib/gcc/avr/5.4.0/avr51/libgcc.a(_exit.o)
 .data          0x0000000000800106        0x0 /usr/lib/gcc/avr/5.4.0/avr51/libgcc.a(_tablejump2.o)
 .data          0x0000000000800106        0x0 /usr/lib/gcc/avr/5.4.0/avr51/libgcc.a(_copy_data.o)
 .data          0x0000000000800106        0x0 /usr/lib/gcc/avr/5.4.0/avr51/libgcc.a(_clear_bss.o)
 .data          0x0000000000800106        0x0 /usr/lib/gcc/avr/5.4.0/avr51/libgcc.a(_umulhisi3.o)
 .data          0x0000000000800106        0x0 /usr/lib/gcc/avr/5.4.0/avr51/libgcc.a(_udivmodsi4.o)
 .data          0x0000000000800106        0x0 /usr/lib/gcc/avr/5.4.0/../../../avr/lib/avr51/libc.a(itoa_ncheck.o)
 .data          0x0000000000800106        0x0 /usr/lib/gcc/avr/5.4.0/../../../avr/lib/avr51/libc.a(utoa_ncheck.o)
 .data          0x0000000000800106        0x0 /usr/lib/gcc/avr/5.4.0/../../../avr/lib/avr51/libc.a(sprintf.o)
 .data          0x0000000000800106        0x0 /usr/lib/gcc/avr/5.4.0/../../../avr/lib/avr51/libc.a(vfprintf_std.o)
 .data          0x0000000000800106        0x0 /usr/lib/gcc/avr/5.4.0/../../../avr/lib/avr51/libc.a(strnlen_P.o)
 .data          0x0000000000800106        0x0 /usr/lib/gcc/avr/5.4.0/../../../avr/lib/avr51/libc.a(strnlen.o)
 .data          0x0000000000800106        0x0 /usr/lib/gcc/avr/5.4.0/../../../avr/lib/avr51/libc.a(strrev.o)
 .data          0x0000000000800106        0x0 /usr/lib/gcc/avr/5.4.0/../../../avr/lib/avr51/libc.a(fputc.o)
 .data          0x0000000000800106        0x0 /usr/lib/gcc/avr/5.4.0/../../../avr/lib/avr51/libc.a(ultoa_invert.o)
 *(.data*)
 *(.rodata)
 .rodata        0x0000000000800106       0x68 lab6.o
                0x0000000000800106                ROUNDABOUT
 *(.rodata*)
 .rodata.str1.1
                0x000000000080016e       0x5c lab6.o
 *(.gnu.linkonce.d*)
                0x00000000008001ca                . = ALIGN (0x2)
                0x00000000008001ca                _edata = .
                0x00000000008001ca                PROVIDE (__data_end, .)

.bss            0x00000000008001ca      0x1b3
                0x00000000008001ca                PROVIDE (__bss_start, .)
 *(.bss)
 .bss           0x00000000008001ca        0x0 /usr/lib/gcc/avr/5.4.0/../../../avr/lib/avr51/crtatmega128.o
 .bss           0x00000000008001ca       0x16 lab6.o
                0x00000000008001ca                external_temp_rcv_rdy
                0x00000000008001cb                enc_1_dir
                0x00000000008001cc                enc_0_dir
                0x00000000008001cd                snooze_active
                0x00000000008001ce                alarm_triggered
                0x00000000008001cf                alarm_armed
                0x00000000008001d0                alarm_set_active
                0x00000000008001d1                time_set_active
                0x00000000008001d2                note_count
 .bss           0x00000000008001e0        0x1 hd44780.o
 .bss           0x00000000008001e1        0x1 twi_master.o
 .bss           0x00000000008001e2        0x0 lm73_functions.o
 .bss           0x00000000008001e2        0x0 uart_functions.o
 .bss           0x00000000008001e2        0x0 si4734.o
 .bss           0x00000000008001e2        0x0 /usr/lib/gcc/avr/5.4.0/avr51/libgcc.a(_udivmodhi4.o)
 .bss           0x00000000008001e2        0x0 /usr/lib/gcc/avr/5.4.0/avr51/libgcc.a(_divmodhi4.o)
 .bss           0x00000000008001e2        0x0 /usr/lib/gcc/avr/5.4.0/avr51/libgcc.a(_divmodsi4.o)
 .bss           0x00000000008001e2        0x0 /usr/lib/gcc/avr/5.4.0/avr51/libgcc.a(_negsi2.o)
 .bss           0x00000000008001e2        0x0 /usr/lib/gcc/avr/5.4.0/avr51/libgcc.a(_exit.o)
 .bss           0x00000000008001e2        0x0 /usr/lib/gcc/avr/5.4.0/avr51/libgcc.a(_tablejump2.o)
 .bss           0x00000000008001e2        0x0 /usr/lib/gcc/avr/5.4.0/avr51/libgcc.a(_copy_data.o)
 .bss           0x00000000008001e2        0x0 /usr/lib/gcc/avr/5.4.0/avr51/libgcc.a(_clear_bss.o)
 .bss           0x00000000008001e2        0x0 /usr/lib/gcc/avr/5.4.0/avr51/libgcc.a(_umulhisi3.o)
 .bss           0x00000000008001e2        0x0 /usr/lib/gcc/avr/5.4.0/avr51/libgcc.a(_udivmodsi4.o)
 .bss           0x00000000008001e2        0x0 /usr/lib/gcc/avr/5.4.0/../../../avr/lib/avr51/libc.a(itoa_ncheck.o)
 .bss           0x00000000008001e2        0x0 /usr/lib/gcc/avr/5.4.0/../../../avr/lib/avr51/libc.a(utoa_ncheck.o)
 .bss           0x00000000008001e2        0x0 /usr/lib/gcc/avr/5.4.0/../../../avr/lib/avr51/libc.a(sprintf.o)
 .bss           0x00000000008001e2        0x0 /usr/lib/gcc/avr/5.4.0/../../../avr/lib/avr51/libc.a(vfprintf_std.o)
 .bss           0x00000000008001e2        0x0 /usr/lib/gcc/avr/5.4.0/../../../avr/lib/avr51/libc.a(strnlen_P.o)
 .bss           0x00000000008001e2        0x0 /usr/lib/gcc/avr/5.4.0/../../../avr/lib/avr51/libc.a(strnlen.o)
 .bss           0x00000000008001e2        0x0 /usr/lib/gcc/avr/5.4.0/../../../avr/lib/avr51/libc.a(strrev.o)
 .bss           0x00000000008001e2        0x0 /usr/lib/gcc/avr/5.4.0/../../../avr/lib/avr51/libc.a(fputc.o)
 .bss           0x00000000008001e2        0x0 /usr/lib/gcc/avr/5.4.0/../../../avr/lib/avr51/libc.a(ultoa_invert.o)
 *(.bss*)
 *(COMMON)
 COMMON         0x00000000008001e2       0x90 lab6.o
                0x00000000008001e2                current_radio_band
                0x00000000008001e4                digit_dictionary
                0x00000000008001eb                alarm_time
                0x00000000008001f1                volume
                0x00000000008001f2                buttons_toggled_A
                0x00000000008001f3                button_counts_A
                0x0000000000800203                current_volume
                0x0000000000800204                uart_buff
                0x0000000000800214                lcd_data_handle
                0x0000000000800235                buttons_pressed_A
                0x0000000000800236                current_am_freq
                0x0000000000800238                default_time_changed
                0x0000000000800239                internal_temp
                0x000000000080023d                current_fm_freq
                0x000000000080023f                STC_interrupt
                0x0000000000800240                segment_dictionary
                0x0000000000800255                buttons_clicked_A
                0x0000000000800256                snooze_time
                0x000000000080025c                default_time
                0x0000000000800262                current_sw_freq
                0x0000000000800264                external_temp_string
                0x000000000080026a                encoder_data
                0x000000000080026b                brightness
                0x000000000080026c                segment_data
                0x0000000000800271                radio_on
 COMMON         0x0000000000800272       0x30 hd44780.o
                0x0000000000800272                lcd_string_array
                0x0000000000800292                lcd_str
 COMMON         0x00000000008002a2        0x5 twi_master.o
                0x00000000008002a2                twi_state
                0x00000000008002a3                twi_buf
                0x00000000008002a5                twi_bus_addr
                0x00000000008002a6                twi_msg_size
 COMMON         0x00000000008002a7        0x6 lm73_functions.o
                0x00000000008002a7                lm73_wr_buf
                0x00000000008002aa                lm73_rd_buf
 COMMON         0x00000000008002ad       0xa0 uart_functions.o
                0x00000000008002ad                uart_tx_buf
                0x00000000008002d5                uart1_tx_buf
                0x00000000008002fd                uart1_rx_buf
                0x0000000000800325                uart_rx_buf
 COMMON         0x000000000080034d       0x30 si4734.o
                0x000000000080034d                si4734_wr_buf
                0x0000000000800356                si4734_tune_status_buf
                0x000000000080035e                si4734_revision_buf
                0x000000000080036e                si4734_rd_buf
                0x000000000080037d                PROVIDE (__bss_end, .)
                0x0000000000002b3c                __data_load_start = LOADADDR (.data)
                0x0000000000002c06                __data_load_end = (__data_load_start + SIZEOF (.data))

.noinit         0x000000000080037d        0x0
                [!provide]                        PROVIDE (__noinit_start, .)
 *(.noinit*)
                [!provide]                        PROVIDE (__noinit_end, .)
                0x000000000080037d                _end = .
                [!provide]                        PROVIDE (__heap_start, .)

.eeprom         0x0000000000810000        0x0
 *(.eeprom*)
                0x0000000000810000                __eeprom_end = .

.fuse
 *(.fuse)
 *(.lfuse)
 *(.hfuse)
 *(.efuse)

.lock
 *(.lock*)

.signature
 *(.signature*)

.user_signatures
 *(.user_signatures*)

.stab           0x0000000000000000     0x6660
 *(.stab)
 .stab          0x0000000000000000     0x2e68 lab6.o
 .stab          0x0000000000002e68     0x18cc hd44780.o
                                       0x1b00 (size before relaxing)
 .stab          0x0000000000004734      0x69c twi_master.o
                                        0x894 (size before relaxing)
 .stab          0x0000000000004dd0      0x4c8 lm73_functions.o
                                        0x6a8 (size before relaxing)
 .stab          0x0000000000005298      0x7ec uart_functions.o
                                        0xa08 (size before relaxing)
 .stab          0x0000000000005a84      0xbdc si4734.o
                                        0xdf8 (size before relaxing)

.stabstr        0x0000000000000000     0x2798
 *(.stabstr)
 .stabstr       0x0000000000000000     0x2798 lab6.o

.stab.excl
 *(.stab.excl)

.stab.exclstr
 *(.stab.exclstr)

.stab.index
 *(.stab.index)

.stab.indexstr
 *(.stab.indexstr)

.comment        0x0000000000000000       0x11
 *(.comment)
 .comment       0x0000000000000000       0x11 lab6.o
                                         0x12 (size before relaxing)
 .comment       0x0000000000000011       0x12 hd44780.o
 .comment       0x0000000000000011       0x12 twi_master.o
 .comment       0x0000000000000011       0x12 lm73_functions.o
 .comment       0x0000000000000011       0x12 uart_functions.o
 .comment       0x0000000000000011       0x12 si4734.o
 .comment       0x0000000000000011       0x12 /usr/lib/gcc/avr/5.4.0/../../../avr/lib/avr51/libc.a(sprintf.o)
 .comment       0x0000000000000011       0x12 /usr/lib/gcc/avr/5.4.0/../../../avr/lib/avr51/libc.a(vfprintf_std.o)
 .comment       0x0000000000000011       0x12 /usr/lib/gcc/avr/5.4.0/../../../avr/lib/avr51/libc.a(fputc.o)

.note.gnu.avr.deviceinfo
                0x0000000000000000       0x3c
 .note.gnu.avr.deviceinfo
                0x0000000000000000       0x3c /usr/lib/gcc/avr/5.4.0/../../../avr/lib/avr51/crtatmega128.o

.note.gnu.build-id
 *(.note.gnu.build-id)

.debug
 *(.debug)

.line
 *(.line)

.debug_srcinfo
 *(.debug_srcinfo)

.debug_sfnames
 *(.debug_sfnames)

.debug_aranges
 *(.debug_aranges)

.debug_pubnames
 *(.debug_pubnames)

.debug_info     0x0000000000000000      0x780
 *(.debug_info .gnu.linkonce.wi.*)
 .debug_info    0x0000000000000000      0x780 /usr/lib/gcc/avr/5.4.0/../../../avr/lib/avr51/crtatmega128.o

.debug_abbrev   0x0000000000000000      0x718
 *(.debug_abbrev)
 .debug_abbrev  0x0000000000000000      0x718 /usr/lib/gcc/avr/5.4.0/../../../avr/lib/avr51/crtatmega128.o

.debug_line     0x0000000000000000       0x1a
 *(.debug_line .debug_line.* .debug_line_end)
 .debug_line    0x0000000000000000       0x1a /usr/lib/gcc/avr/5.4.0/../../../avr/lib/avr51/crtatmega128.o

.debug_frame
 *(.debug_frame)

.debug_str      0x0000000000000000      0x27d
 *(.debug_str)
 .debug_str     0x0000000000000000      0x27d /usr/lib/gcc/avr/5.4.0/../../../avr/lib/avr51/crtatmega128.o

.debug_loc
 *(.debug_loc)

.debug_macinfo
 *(.debug_macinfo)

.debug_weaknames
 *(.debug_weaknames)

.debug_funcnames
 *(.debug_funcnames)

.debug_typenames
 *(.debug_typenames)

.debug_varnames
 *(.debug_varnames)

.debug_pubtypes
 *(.debug_pubtypes)

.debug_ranges
 *(.debug_ranges)

.debug_macro
 *(.debug_macro)
OUTPUT(lab6.elf elf32-avr)
LOAD linker stubs
